#-----------------------------------------------------------
# Vivado v2025.2 (64-bit)
# SW Build 6299465 on Fri Nov 14 19:35:11 GMT 2025
# IP Build 6300035 on Fri Nov 14 10:48:45 MST 2025
# SharedData Build 6298862 on Thu Nov 13 04:50:51 MST 2025
# Start of session at: Thu Mar 26 20:19:55 2026
# Process ID         : 11816
# Current directory  : D:/240/hw2b/hw2b.runs/impl_1
# Command line       : vivado.exe -log design_1_wrapper.vdi -applog -product Vivado -messageDb vivado.pb -mode batch -source design_1_wrapper.tcl -notrace
# Log file           : D:/240/hw2b/hw2b.runs/impl_1/design_1_wrapper.vdi
# Journal file       : D:/240/hw2b/hw2b.runs/impl_1\vivado.jou
# Running On         : ASUS
# Platform           : Windows Server 2016 or Windows 10
# Operating System   : 26200
# Processor Detail   : Intel(R) Core(TM) i5-8300H CPU @ 2.30GHz
# CPU Frequency      : 2304 MHz
# CPU Physical cores : 4
# CPU Logical cores  : 8
# Host memory        : 25618 MB
# Swap memory        : 1610 MB
# Total Virtual      : 27229 MB
# Available Virtual  : 14493 MB
#-----------------------------------------------------------
source design_1_wrapper.tcl -notrace
